Ma,CHEOPS      MENU GENERAL   (Version 95)
Ipers,m,CARTHAGE       (personnel)
Ientree,m,THEBES         (facturation)
Ieco,m,SYRACUSE       (economat)
Icompta,m,JERICHO        (finances)
Iparam,m,PARAMETRES     (tables,etc...)
Mabonem,ABONNEMENTS
Iabons,p,SAISIE DES ABONNEMENTS
Iabonf,p,EDITION FICHES ABONNEMENT
Iabone,p,TRAITEMENT ABONNEMENTS DU MOIS DE ...
Iabonr,p,REPORT ABONNEMENTS SUR EXER N + 1
Mabs,CONGES ET ABSENCES
Iabss,p,SAISIE DES CONGES ET ABSENCES
Iferies,p,SAISIE DES JOURS FERIES
Iabssl,p,LISTE DES ABSENCES PAR AGENT
Iabtyp,p,LISTE DES ABSENCES PAR TYPE
Iabcm,p,LISTE CONGES MALADIE - ENFANT MALADE
Iabap,p,LISTE CONGES ACC. TRAV. & MAL. PROFESS.
Iabps,p,LISTE CONGE MALADIE - PRIME DE SERVICE
Iabvt,p,LISTE ABSENTS DU JOUR / TYPE D'ABSENCE
Iabaj,p,LISTE ABSENTS DU JOUR / SERVICE
Iabvj,p,LISTE ABSENTS DU JOUR EN CONGE
Iabsmal,p,LISTE ABSENTS DU JOUR POUR MALADIE
Iabsc,p,LISTE DES CONGES ANNUELS
Iabsr,p,LISTE DES CONGES ANNUELS / SERVICE
Iabsd,p,LISTE DES CONGES ANNUELS ET MATERNITE
Iabsta,m,STATISTIQUES ABSENTEISME
Mabsta,STATISTIQUES D'ABSENTEISME (tableaux)
Iabssta,p,ABSENCES SELON STATUT
Iabsage,p,ABSENCES SELON AGE
Mactes,GESTION DES ACTES SIAD
Isiadas,p,SAISIE DES ACTES
Isiadmal,p,LISTE DES ACTES PAR MALADE/ACTE
Isiadiaml,p,LISTE DES ACTES PAR IDE/ACTE/MALADE
Magtm,AIDE A LA GESTION DES BIENS D'HEBERGES
Iimps,p,SAISIE DU DOSSIER ET DU PATRIMOINE
Iorgts,p,SAISIE ORGANISMES DE TUTELLE
Iccts,p,SAISIE DES COMPTES COURANTS
Idossier,p,EDITION DU DOSSIER ET DES BIENS
Ilistinc,p,EDITION DES COMPTES COURANTS 
Iarpoche,p,ETAT ARGENT DE POCHE
Iaspa,p,ETAT REVERSEMENTS TRIMESTRIELS (ASPA)
Iasgi,p,ETAT REVERSEMENTS TRIMESTRIELS (ASGI)
Icdfe,p,ETAT COMPTES DE DEPOTS DE FONDS
Iemole,p,ETAT EMOLUMENTS DUS PAR LES INCAPABLES
Iconstprop,p,CONSTITUTION PROPOSITIONS D'IMPUTATIONS
Ipropimps,p,SAISIE PROPOSITIONS D'IMPUTATIONS
Ipropimpe,p,ETAT PROPOSITIONS D'IMPUTATIONS
Icloexe,p,CLOTURE EXERCICE (OPER/CPTES COURANTS)
Mbefan,TRAVAUX DE FIN D'ANNEE
Iouvtabl,m,OUVERTURE ANNUELLE DES TABLES
Ienarch,m,ARCHIVAGE DU BUREAU DES ENTREES
Mbl,BALANCES
Icbl,p,BALANCE GENERALE
Ibmpm,p,BALANCE GENERALE MOIS PAR MOIS
Icblx,p,BALANCE GENERALE COMPLETE
Icblf,p,BALANCE AUXILIAIRE FOURNISSEURS
Icblc,p,BALANCE AUXILIAIRE CLIENTS
Iblx,m,TABLEAUX ANALYTIQUES
Mblx,TABLEAUX ANALYTIQUES
Ibst,p,BALANCE TRIMESTRIELLE
Ibsa,p,BALANCE ANNUELLE
Mbud,BUDGET
Ibuds,p,SAISIE DES ECRITURES BUDGETAIRES
Ibudl,p,EDITION DES ECRITURES BUDGETAIRES
Ijerd/budufs,p,SAISIE DES BP PAR U.F.
Ijerd/budufl,p,LISTE DES BP PAR U.F ET PAR COMPTE
Ijerd/budufl2,p,LISTE DES BP PAR COMPTE ET PAR U.F.
Ibudcgl,p,EDITION DES BUDGETS PAR COMPTE
Ibudcglc,p,EDITION DES BUDGETS PAR COMPTE (CUMULS)
Itrbud,m,TRANSFERT MAGNETIQUE DES BUDGETS
Mcacptc,CONSULTATIONS COMPTES ANALYTIQUES
Icaecrs,p,ECRAN DES ECRITURES
Icagl,p,GRAND LIVRE DES COMPTES
Icabl,p,BALANCE DES COMPTES
Icablm,p,BALANCE DES COMPTES PAR MOIS
Mcapar,FICHIERS PARAMETRES (CPT ANALYTIQUE)
Icacpts,p,SAISIE DES COMPTES ANALYTIQUES
Icacptl,p,LISTE        ""       ""   
Icadec,p,DECOUPAGE ANALYTIQUE DE L'ETABLISSEMENT
Icchcars,p,SAISIE IMPUT.ANALYT. COMPTES RECETTES
Icchcarl,p,LISTE    ""    ""      ""       ""
Icchcas,p,SAISIE COMPTES BUDGETAIRES A RECLASSER
Icchcal,p,LISTE    ""        ""           ""   
Icagcs,p,SAISIE DES GROUPES DE CHARGES/PRODUITS
Icagce,p,LISTE        ""         "" 
Icacptgl,p,IMPUT. COMPTES BUDGET./Grp_Ch (Oblig)
Icareps,p,SAISIE DES TABLEAUX DE REPARTITION
Icarepe,p,EDITION       ""          ""       
Iprog/tabs,p,SAISIE DES TABLES
Iprog/tabe,p,EDITION DES TABLES
Mcarsta,STATISTIQUES
I,p,ETAT H.80
Mcasean,SECTIONS D'ANALYSE
Itsacal,p,CALCUL DES TABLEAUX SYNTHESE ACTIVITE
Itsae1,p,EDITION DES TSA (Simples)
Itsaec,p,EDITION DES TSA (Agreges)
Itsaem,p,EDITION DES TSA (Multiples)
Itsaee,p,EDITION DES TSA (Economiques)
Mcaseta,SECTIONS TARIFAIRES
Itabl1,p,EDITION DU TABLEAU 1
Itabl2,p,EDITION DU TABLEAU 2
Mcavedep,VENTILATION DES CHARGES et PRODUITS
Icchcas,p,SAISIE COMPTES CHARGES A RECLASSER
Icchcal,p,LISTE     "       "          "
Icaveduf,p,VENTILATION DES CHARGES COMPTE/UF
Icchcars,p,SAISIE IMPUT.ANALYT COMPTES PRODUITS
Icchcarl,p,LISTE    "     "       "       "
Icarecetv,p,VENTILATION DES PRODUITS
Icareps,p,SAISIE DES TABLEAUX DE REPARTITION
Icarepe,p,EDITION       "            "       
Icaverec,p,RECLASSEMENT DES CHARGES & PRODUITS
Mclouv,CLOTURE ANNUELLE & BALANCE D'OUVERTURE
Istclan,p,CLOTURE ANNUELLE DES STOCKS
Istou,p,LISTE DES STOCKS - BALANCE D'OUVERTURE
Mcoamo,AMORTISSEMENTS
Ifams,p,SAISIE DES FICHES D'AMORTISSEMENTS
Ifamp,p,EDITION DES FICHES D'AMORTISSEMENTS
Ifamds,p,EDITION FICHES AMORT. DATE MISE EN SCE.
Ifampc,p,CONTROLE DES FICHES D'AMORTISSEMENTS
Ifame,p,LISTE DES AMORTISSEMENTS PAR CODE
Ifamlinv,p,AMORTISSEMENTS /CPT D'INVESTISSEMENT
Iamocpt6,p,AMORTISSEMENTS PAR BUDGET ET COMPTE CL6
Ifamlsr,p,AMORTISSEMENTS PAR U.F.
Iamortl,p,LISTE DES BIENS AMORTIS
Iamortn,p,LISTE DES BIENS EN COURS D'AMORTIS.
Ifaacquis,p,AMORT TABLEAU ACQUISITION ANNEE :
Ifamac,p,AMORTISSEMENTS PAR DATE D'ACHAT
Ifamach,p,AMORTISSEMENTS PAR 1ere ANNEE AMORT.
Iamtlanl,p,LISTE DES AMORTISSEMENTS PAR ANNEE
Icofan,m,TRAITEMENTS DE FIN D'ANNEE
Mcocf,CORRECTION DES FEUILLETS BUDGETAIRES
Iclms,p,CORRECTION DES MANDATS VENTILES
Ibordv,p,EDITION DES BORDEREAUX DEJA VENTILES
Mcodeps,SUIVI DES DEPENSES PAR UF / CR
Ivser,p,VENTIL. FACTURES & SORTIES STOCKS /U.F.
Irechv,p,LISTE DES DEPENSES VENTIL. DANS LES U.F
Ijerd/vsl,p,LISTE DES DEPENSES PAR U.F. & COMPTE
Ijerd/vscpc,p,LISTE DES DEPENSES PAR COMPTE & U.F.
Icsto,p,LISTE DES DEPENSES /BUDGET & /COMPTE
Iccve,p,LISTE DES DEPENSES DE LA BALANCE
Ijerd/cumvsl,p,LISTE DES DEPENSES PAR U.F. ET PAR MOIS
Ijerd/cumvbpl,p,LISTE DES CONSOMMATIONS PAR U.F.
Ijerd/vss,p,SAISIE DES DEPENSES PAR U.F.
Istkr/depeng,p,GENERATION DES DEPENSES PAR C.R.
Icrlb,p,LISTE DES DEPENSES PAR C.R.
Mcoeta,COMPTABILITE DEPENSES
Isuidep,m,SUIVI BUDGETAIRE DES DEPENSES
Ifeudep,m,FEUILLETS BUDGETAIRES DEPENSES
Iconsul,m,CONSULTATION COMPTABILITE DEPENSES
Mcofan,TRAVAUX FIN D'ANNEE AMORTISSEMENTS
Igenftag2,p,GENERATION FICHIER TEXTE FORMAT AMORT.
Igenlfamo,p,GENERATION LIGNES DE FACTURES
Ieco/mandc,p,ETAT CONSTITUTIF DES MANDATS
Ieco/borde,p,EDITION DES BORDEREAUX DE MANDATS
Ieco/mande,p,EDITION DES MANDATS
Ieco/mandv,p,VENTILATION DES MANDATS DANS LES CPTES
Ieco/cpst,p,CLOTURE FICHIERS FACTURES MANDATEES
Igitramo,p,GENERATION INFORMATIONS TITRES RECETTES
Itreoa,p,EDITION DES TITRES DE RECETTES D'ORDRE
Ifamcl,p,CLOTURE ANNUELLE DES AMORTISSEMENTS
Mcompta,JERICHO         (finances)
Icoeta,m,COMPTABILITE DEPENSES
Irecett,m,COMPTABILITE RECETTES
Isuibu,m,SUIVI PREVISIONNEL DES DEPENSES
Isuibur,m,SUIVI PREVISIONNEL DES RECETTES
Icodeps,m,SUIVI DES DEPENSES PAR UF/CR
Icoamo,m,AMORTISSEMENTS
Iemprunt,m,EMPRUNTS
Ica,m,COMPTE ADMINISTRATIF
Icopar,r,FICHIERS PARAMETRES FINANCES
Mconext,CONSULTATIONS EXTERNES
Icxdos,m,SUIVI DES DOSSIERS
Icxfac,m,FACTURATION DES ACTES
Icxenc,m,SUIVI DES ENCAISSEMENTS
Icxencjou,m,SUIVI DES ENCAISSEMENTS PAR No DE RECU
Icxet,m,ETATS DIVERS
Mconsul,CONSULTATION COMPTABILITE DEPENSES
Ijer/cchc,p,CONSULTATION DES COMPTES REGROUPES
Ijer/cchced,p,CONSULT. CPTES REGROUPES (EDITION)
Iclhcpt,p,LISTE DES MANDATS PAR COMPTE
Iclhf,p,LISTE DES MANDATS D'UN FOURNISSEUR
Iclhb,p,LISTE DES MANDATS PAR FOURNISSEUR
Ifourll,p,LISTE DES C.A. DES FOURNISSEURS
Mcontfac,CONTROLE DES FACTURES A TRAITER
Ifacc2,p,CONTROLE FACTURES ET BONS DE SORTIE
Ifacc3,p,CORRECTION DES FACTURES
Isl3,p,CORRECTION DES BONS DE SORTIE
Mcontrec,CONTROLE DES COMPTES DE RECETTES
Ictrxl,p,LISTE DES TITRES DE RECETTES
Iclhrs,p,CORRECTION DE LIGNES DE RECETTES
Mcopar,FICHIERS PARAMETRES FINANCES
Ijer/cchs,p,SAISIE DES COMPTES
Ijer/cchl,p,LISTE DES COMPTES
Ijer/testcpt,p,VALIDATION DU FICHIER DES COMPTES
Ibud/cchvots,p,SAISIE DES COMPTES DE VOTE DE REFERENCE
Ibud/cchlvot,p,LISTE DES COMPTES DE VOTE DE REFERENCE
Ibud/cchvotl,p,LISTE DES COMPTES DE VOTE/GROUPE FONC.
Ibud,m,BUDGET
Iprog/tabs,p,SAISIE DES TABLES
Iprog/tabe,p,EDITION DES TABLES
Iprog/tabl,p,LISTE DES TABLES
Mcorbe,GESTION DES ERREURS DE RECETTES
Icltrl,p,LISTE DES CLES TITRES
Icltrdel,p,SUPPRESSION CLES TITRES
Icltrs,p,SAISIE DES CLES TITRES
Ictrdelb,p,SUPPRESSION TITRES
Iipaibl,p,LISTE DES PAIEMENTS IMPUTES
Iipaibs,p,SAISIE DES PAIEMENTS IMPUTES
Isjbl,p,LISTE DES SEJOURS FACTURES PAR DOSSIER
Isjbs,p,SAISIE DES SEJOURS FACTURES
Isjbsl,p,LISTE DES SEJOURS FACTURES PAR SERVICE
Ibe/majdml,p,CORRECTION AUTOMATIQUE DES MOUVEMENTS
Ictrxl,p,LISTE DES TITRES DE RECETTES
Mcorfac,ACCES POUR CORRECTION ERREURS SAISIES
Imofacs,p,MODIF. FACT. CL.3 MOIS A TRAITER
Imofaca,p,MODIF. FACT. SORTIE AUTO MOIS A TRAITER
Imofac6,p,MODIF. FACT. CL.6 MOIS A TRAITER
Imofbse,p,MODIF. BONS DE SORTIE MOIS A TRAITER
Istkr/slistem,p,LISTE DES BONS DE SORTIE DU MOIS
Ieco/zerofacl,p,LISTE DES FACTURES SANS NO DE MANDAT
Mcovclo,CLOTURE MENSUELLE DU CYCLE DES STOCKS
Iecosta,m,STATISTIQUES ECONOMAT AVANT CLOTURE
Istcl,p,CLOTURE MENSUELLE DES STOCKS
Ibalc,p,CLOTURE MENSUELLE DES COMPTE DE LA BAL.
Iecostaf,m,STATISTIQUES ECONOMAT APRES CLOTURE
Ijoesan,p,JOURNAL ANNUEL DES ENTREES-SORTIES
Istocuma,p,ETAT ANNUEL DES STOCKS
Mcp,COMPTABILITE
Icscs,p,SAISIE DES COMPTES
Ichl,p,LISTE DES COMPTES
Ijos,p,SAISIE DES JOURNAUX        (PARAMETRES)
Ijol,p,LISTE DES JOURNAUX         (PARAMETRES)
Icses,p,SAISIE DES ECRITURES COMPTABLES
Iesl,p,ETAT DES PRELEVEMENTS
Iesla,p,ETAT DES PRELEVEMENTS ORDRE ALPHA
Icjop,p,EDITION DES JOURNAUX       (ECRITURES)
Ictl,p,RECAP DES JOURNAUX
Ibl,m,BALANCES
Icgl,p,GRAND LIVRE DES COMPTES
Ichs,p,CONSULTATION DES COMPTES   (CUMULS)
Icgle,p,CONSULTATION DES COMPTES   (DETAIL)
Ihisc,p,MISE EN HISTORIQUE
Icontrol,p,CONTROLE DES COMPTES
Mcptana,COMPTABILITE ANALYTIQUE
Icavedep,m,VENTILATION DES CHARGES et PRODUITS
Icasean,m,SECTIONS D'ANALYSE
Icaseta,m,SECTIONS TARIFAIRES
Icapar,m,FICHIERS PARAMETRES
Icacptc,m,CONSULTATIONS COMPTES
Mcsg,CONTRIBUTION SOCIALE GENERALISEE
Idcsgnm,p,DECLARATION C.S.G AGENTS HOSPITALIERS
Idcsgm,p,DECLARATION C.S.G PERSONNELS MEDICAUX
Mcx89,CONSULTATIONS EXTERNES 1989
Idecso,p,SAISIE DES CONSULTATIONS EXTERNES
Idtrbco,p,EDITION DES TITRES DE RECETTES
Mcxdos,SUIVI DES DOSSIERS
Idecs,p,SAISIE DES DOSSIERS
Icxlist,p,LISTE DES DOSSIERS PAR NUMERO
Icxlist2,p,LISTE DES ACTES PAR DOSSIER
Idcxid,p,LISTE DES DOSSIERS PAR IDENTIFICATION
Icxlet,p,EDITION LETTRE DEMANDE PIECE JUSTIFICA.
Icxnclot,p,LISTE DES DOSSIERS EN ATTENTE
Icxnclot2,p,LISTE DES DOSSIERS SANS DATE FIN SOINS
Mcxenc,SUIVI DES ENCAISSEMENTS
Icxbenc,p,BORDEREAU DES ENCAISSEMENTS (PUBLIC)
Icxbenc2,p,BORDEREAU DES ENCAISSEMENTS (PRIVE)
Icxbvers,p,BORDEREAU DE VERSEMENT (PUBLIC)
Icxbvers2,p,BORDEREAU DE VERSEMENT (PRIVE)
Icxbverr,p,BORDEREAU DE VERSEMENT (RECAPITULATIF)
Iborderea,p,BORDEREAU RECAPITULATIF PAR No DE RECU
Irecunul,p,EDITION DES RECUS " ANNULES "
Inumbord,p,FIN DES BORDEREAUX
Mcxencjou,SUIVI DES ENCAISSEMENTS PAR No DE RECU
Iregie1,p,ENCAISSEMENTS PUBLICS PAR No DE RECU
Iregie2,p,ENCAISSEMENTS PRIVES PAR No DE RECU
Mcxet,ETATS DIVERS
Icxat,p,ETAT DES ACCIDENTS DU TRAVAIL
Icxactex,p,ETAT DES ACTES PAR EXECUTANT (RECAP.)
Icxeta,p,ETAT SEMESTRIEL DES CONSULT. ET SOINS
Icxetg,p,ETAT DES SOINS GRATUITS
Icxrce,p,RELEVE CHRONO. DES SOINS (/EXECUTANT)
Icxrcg,p,RELEVE CHRONO. DES SOINS (PU. PR.)
Icxstact,p,STATISTIQUES ACTIVITES PAR MEDECIN
Mcxfac,FACTURATION DES ACTES
Icxnotpu,p,EDITION DE LA NOTE (PUBLIC)
Icxnotpu2,p,EDITION DE LA NOTE (PUBLIC) AVEC TABLE
Icxnotpr,p,EDITION DE LA NOTE (PRIVE)
Idtrbc,p,EDITION DES TITRES DE RECETTE
Idleex,p,EDITION LETTRES D'ENVOI CAISSES
Idecl,p,LISTE DES DOSSIERS FACTURES
Idecla,p,LISTE DES DOSSIERS FACTURES(ORD. ALPHA)
Icxnclot,p,LISTE DES DOSSIERS EN ATTENTE
Mdeb,Mise a jour des debiteurs
Idebs,p,SAISIE DES DEBITEURS
Idebl,p,LISTE DES DEBITEURS
Idebl2,p,LISTE ABREGEE DES DEBITEURS
Ideblt,p,LISTE DES DEBITEURS PAR TYPE
Idebtdpl,p,LISTE DES DEBITEURS /DEPARTEMENT & TYPE
Idebetiq,p,EDITION DES ETIQUETTES DEBITEURS
Iautetiq,p,ETIQUETTES DEBITEURS AUTRE FORMAT
Mdossier,DOSSIER DU MALADE AU SIAD
Isiads,p,SAISIE DU DOSSIER DU MALADE
Isiade,p,EDITION DU DOSSIER DU MALADE
Isiadl,p,LISTE DES DOSSIERS PAR No D'ENTREE
Isiadal,p,LISTE DES DOSSIERS PAR ORDRE ALPHA.
Mdpai,PAIEMENTS PARTIELS
Idpai,p,SAISIE PAIEMENTS PARTIELS
Idpaicl,p,LISTE DES PAIEMENTS PAR COMPTE/DATE
Idpail,p,LISTE DES PAIEMENTS PAR DOSSIER
Mdpaih,PAIEMENTS PARTIELS HEBERGEMENT
Idpaih,p,SAISIE PAIEMENTS PARTIELS HEBERGEMENT
Idpaihcl,p,LISTE DES PAIEMENTS PAR COMPTE/DATE
Idpaihl,p,LISTE DES PAIEMENTS PAR DOSSIER
Meco,SYRACUSE        (economat)
Iecocde,m,GESTION DES COMMANDES
Iecoden,m,ENGAGEMENT DES DEPENSES
Iecomvt,m,MOUVEMENTS DES MARCHANDISES
Iecof,m,CYCLE DU MANDATEMENT
Iecocps,m,COMPTABILITE DES STOCKS
Iecopar,r,FICHIERS PARAMETRES ECONOMAT
Mecobal,EDITION DES JOURNAUX ET BALANCES
Ijoes,p,JOURNAL DES ENTREES-SORTIES
Istkr/bsnegl,p,EDITION DES BONS DE SORTIE NEGATIFS
Icpslneg,p,TRANSFERT DES BONS DE SORTIE NEGATIFS
Ibalancn,p,BALANCE SIMPLE DES STOCKS
Ibalann,p,BALANCE ANNUELLE SIMPLE DES STOCKS
Mecocde,GESTION DES COMMANDES
Ifcde,p,SAISIE DES COMMANDES DE CLASSE 3
Ifcdi,p,SAISIE DES CDES DE CL.3 SORTIE AUTO
Ifcd6,p,SAISIE DES COMMANDES DE CLASSE 2 & 6
Ifcdp,p,EDITION DES COMMANDES
Ifcdll,p,LISTE DES COMMANDES
Icomfour,p,LISTE DES COMMANDES PAR FOURNISSEUR
Ifcdr,p,LISTE DES COMMANDES NON SOLDEES
Ifcdal,p,LISTE DES COMMANDES PAR ARTICLE
Ifcdlcont,p,CONTROLE 'EN COMMANDE' FICHES DE STOCKS
Istkcont,p,CONTROLE / CORRECTION STOCK PHYSIQUE
Ieconet,m,REMISE A JOUR FICHIERS DE COMMANDES
Mecoclo,CLOTURE DU CYCLE DE MANDATEMENT
Imandv,p,VENTILATION DES MANDATS
Icpst,p,CLOTURE FICHIERS FACTURES MANDATEES
Mecocps,COMPTABILITE DES STOCKS
Istocums,p,ECRAN DES CUMULS DE STOCKS
Istocuml,p,EDITION DES CUMULS DE STOCKS
Iclbs,p,CLOTURE MENSUELLE DES BONS DE SORTIE
Icontfac,m,CONTROLE DES FACTURES A TRAITER
Icorfac,m,ACCES POUR CORRECTION ERREURS SAISIES
Iecobal,m,EDITION DES JOURNAUX ET BALANCES
Icodeps,r,SUIVI DES DEPENSES PAR UF / CR
Ibalav,p,BALANCE MENSUELLE DES STOCKS -VENTIL-
Ibalcum,p,BALANCE ANNUELLE CUMULEE DES STOCKS-VE-
Icovclo,m,CLOTURE MENSUELLE DU CYCLE DES STOCKS
Iecofan,m,TRAVAUX DE FIN D'ANNEE
Mecoden,ENGAGEMENT DES DEPENSES
Iabonem,m,ABONNEMENTS
Ifcdlv,p,ETAT DE VALORISATION DES COMMANDES
Ifcdlx,p,LISTE DES COMMANDES - ENGAGEMENT
Ieco/faclan,p,LISTE DES FACTURES EN COURS (12 mois)
Ieco/mofl,p,LISTE DES FACTURES DU MOIS
Ifcdluf,p,ETAT DES COMMANDES PAR U.F(non soldees)
Istkr/depeng,p,TRAITEMENT PREPARATOIRE DEPENSES
Ijer/cptetat,p,ETAT DES COMPTES AVEC ENGAGEMENTS
Mecodiv,DIVERS ECONOMAT
Ifacnmdt,p,LISTE DES FACTURES DU MOIS PAR MANDAT
Icfacl,p,CORRECTION LIGNES FACTURES EN COURS
Icfaclm,p,CORRECTION LIGNES FACTURES DU MOIS
Imandec,p,EDITION DES MANDATS (fact. cloturees)
Imandev,p,EDITION DES MANDATS (mandats ventiles)
Istoc/stcont,p,CONTROLE DES ARTICLES DE STOCKS (serv.)
Idelclh,p,REMISE A ZERO DES MANDATS EN COURS
Mecof,CYCLE DU MANDATEMENT
Iecofac,m,ENREGISTREMENT DES FACTURES
Iecomdt,m,OPERATIONS DE MANDATEMENT
Imandmg,m,TRANSFERTS MAGNETIQUES DES MANDATS
Iecoclo,m,CLOTURE DU CYCLE DE MANDATEMENT
Ijerd/mandrej,p,TRAITEMENT DES MANDATS REJETES
Iecodiv,m,DIVERS ECONOMAT
Mecofac,ENREGISTREMENT DES FACTURES
Iefacs,p,SAISIE DES FACTURES DE CLASSE 3
Iefaca,p,SAISIE DES FACTURES AVEC SORTIE AUTO
Iefac6,p,SAISIE DES FACTURES DE CLASSE (1,2,6)
Ifacf,p,LISTE DES LIGNES DE FACTURES / FOURN.
Ifblocl,p,LISTE DES FACTURES BLOQUEES
Ifacbloc,p,DEBLOCAGE DE TOUTES LES FACTURES
Ifrebloc,p,BLOCAGE DE TOUTES LES FACTURES
Ifbltr,p,TRANSFERT DES FACTURES BLOQUEES
Mecofan,TRAVAUX DE FIN D'ANNEE
Iecomba,m,MANDATEMENT DE LA BALANCE DES STOCKS
Istoexo,m,VARIATIONS STOCK & ECRITURES D'ORDRES
Iclouv,m,CLOTURE ANNUELLE & BALANCE D'OUVERTURE
Mecogen,TRAITEMENTS SPECIFIQUES ECONOMAT
Istkr/valsl,p,VALORISATION DES BONS DE SORTIE
Ieco/fbsld,p,LISTE DES SORTIES PAR DATE
Mecomba,MANDATEMENT DE LA BALANCE DES STOCKS
Igenftsg2,p,GENERATION INFORMATIONS STOCKS
Igraph2/genlf,p,GENERATION LIGNES DE FACTURES
Ieco/mandc,p,ETAT CONSTITUTIF DES MANDATS
Ieco/borde,p,EDITION DES BORDEREAUX DE MANDATS
Ieco/mande,p,EDITION DES MANDATS
Ieco/mandv,p,VENTILATION DES MANDATS
Icffs,p,CLOTURE FICHIERS FACTURES STOCKS
Itreos,p,EDITION TITRES DE RECETTES D'ORDRE
Mecomdt,OPERATION DE MANDATEMENT
Imandc,p,ETAT CONSTITUTIF DES MANDATS
Iborde,p,EDITION DES BORDEREAUX DE MANDATS
Imande,p,EDITION DES MANDATS
Ibree,p,EDITION BORDEREAUX REGLEMENT RECEVEUR
Ibreepf,p,EDITION BORDEREAUX REG. RECEV./FACTURE
Iovire,p,EDITION DES ORDRES DE VIREMENTS
Iovirepf,p,EDITION DES ORDRES DE VIREMENTS/FACTURE
Ifmasy2,p,CONSULTATION DES MANDATS EN COURS
Ifmasyr,p,CONSULTATION DES SOUS MANDATS EN COURS
Mecomvt,MOUVEMENTS DES MARCHANDISES
Ifbrs,p,SAISIE DES RECEPTIONS DE MARCHANDISES
Ifbrlf,p,LISTE DES RECEPTIONS PAR FOURNISSEUR
Ifbrlfs,p,LISTE DES RECEPTIONS NON SOLDEES / FOUR
Ifbse,p,SAISIE DES SORTIES DE MARCHANDISES
Ifbss,p,SAISIE DES SORTIES MARCH. (par service)
Isliste,p,LISTE DES BONS DE SORTIE
Iebs,p,EDITION DES BONS DE SORTIE
Istoc/stphal,p,LISTE DES STOCKS EN ALERTE
Istkreel,p,EDITION FICHES DE STOCKS 'TEMPS REEL'
Istomr,p,LISTE DES STOCKS PAR MAGASIN ET RAYON
Istomr2,p,LISTE STOCKS /MAG. /RAY. 'pharmacie'
Ifbrlar,p,ARCHIVAGE DES RECEPTIONS SOLDEES
Meconet,REMISE A JOUR FICHIERS DE COMMANDES
Ifcdlar,p,ARCHIVAGE DES COMMANDES SOLDEES
Itrfcdl,p,TRANSFERT COMMANDES SUR EXER. SUIVANT
Ifbrlar,p,ARCHIVAGE DES RECEPTIONS SOLDEES
Ishel/reorstoc,p,REORGANISATION DES FICHIERS DE STOCKS
Mecopar,FICHIERS PARAMETRES ECONOMAT
Istoc/stocs,p,SAISIE DES FICHES DE STOCKS
Istoc/stops,p,SAISIE D'OUVERTURE DES FICHES DE STOCKS
Istoc/stocl,p,LISTE DES ARTICLES PAR COMPTE DE CL 3
Istoc/stoc6,p,LISTE DES ARTICLES PAR COMPTE DE CL 6
Istoc/stoc9,p,LISTE DES ARTICLES PAR COMPTE DE CL 9
Istoc/stphl,p,INVENTAIRE PHYSIQUE DES PRODUITS/COMPTE
Istoc/stoclalp,p,LISTE ALPHA. DES PRODUITS PAR COMPTE
Istoc/stocfl,p,LISTE DES PRODUITS PAR FAMILLE
Istoc/stocfr,p,LISTE DES PRODUITS PAR FOURNISSEURS
Ifous,p,SAISIE DES FOURNISSEURS
Ifourl,p,LISTE DES FOURNISSEURS
Istoc/fourlalp,p,LISTE ALPHABETIQUE DES FOURNISSEURS
Ifourdbl,p,LISTE FOURNISSEURS DOMICIL. BANCAIRE
Ifourtl,p,LISTE DES FOURNISSEURS PAR TYPE
Iprog/tabs,p,SAISIE DES TABLES
Iprog/tabe,p,EDITION DES TABLES
Iprog/tabl,p,LISTE DES TABLES
Mecosta,STATISTIQUES ECONOMAT AVANT CLOTURE
Istqlp,p,LISTE CUMULS DE STOCKS Quantite Periode
Ictvalsp,p,CONSOMMATION FAMILLE CLASSE THERAPEUT.
Mecostaf,STATISTIQUES ECONOMAT APRES CLOTURE
Istqla,p,LISTE CUMULS DE STOCKS Quantite Annuel
Istvala,p,LISTE CUMULS DES MOUVEMENTS DE STOCKS
Istvals,p,LISTE DES STOCKS (Valeur sortie)
Islservan,p,LISTE SORTIES DE L'ANNEE PAR SERVICE
Ictvalsa,p,CONSOMMATION FAMILLE CLASSE THERAPEUT.
Meffect,GESTION DES EFFECTIFS
Ifiltrpe,p,CONTROLE DU FICHIER DES EMPLOYES
Itete,p,TABLEAU DES EFFECTIFS THEORIQUES/REELS
Ieffts,p,SAISIE DES EFFECTIFS THEORIQUES PAR UF
Iefftl,p,LISTE DES EFFECTIFS THEORIQUES PAR UF
Ierds,p,TABLEAU DES EFFECTIFS REELS PAR UF
Ierds2,p,TABLEAU DES EFFECTIFS REELS PAR CR
Memparch,ARCHIVAGE DES EMPLOYES
Iempar,p,ARCHIVAGE DES EMPLOYES
Iemprap,p,RAPPEL DES EMPLOYES ARCHIVES
Mempl,FICHIER DES EMPLOYES
Iemps,p,SAISIE DES EMPLOYES
Iempvs,p,SAISIE DES AFFECTATIONS SECONDAIRES
Iempvl,p,LISTE DES AFFECTATIONS SECONDAIRES
Ifiltrpe,p,CONTROLE DU FICHIER DES EMPLOYES
Izemce,p,EDITION DES FICHES EMPLOYES PAR CODE
Ienfs,p,SAISIE DES ENFANTS DES EMPLOYES
Ilparent,p,LISTE DES ENFANTS PAR CODE PARENT
Ilenf,p,LISTE DES ENFANTS PAR AGE
Iempl,p,LISTE DES EMPLOYES PAR CODE
Imatrl,p,LISTE DES EMPLOYES PAR MATRICULE
Iempl2,p,LISTE DES EMPLOYES / DOM. BANCAIRE
Ireqemp,p,LISTE DE REQUISITION DES EMPLOYES
Igpcpc,p,LISTE DES EMPLOYES PAR BUDGET/GP
Iemcs,p,SAISIE DES CUMULS ANNUELS EMPLOYES
Iecue,p,ETAT DES CUMULS ANNUELS EMPLOYES
Memprunt,EMPRUNTS
Ifems,p,SAISIE DES EMPRUNTS
Ifemp,p,EDITION DES FICHES D'EMPRUNT
Ifeml,p,LISTE DES EMPRUNTS
Ifema,p,ETAT DE LA DETTE
Menarch,ARCHIVAGE DU BUREAU DES ENTREES
Ihosp/desh,p,JOURNAL ENTREES/SORTIES HOSPITALISATION
Iheb/jesheb,p,JOURNAL ENTREES/SORTIES HEBERGEMENT
Ibe/ardme,p,MOUVEMENTS DE POPULATION-ENTETES-
Ibe/ardrm,p,ARCHIVAGE RECAPS.MENSUELLES ANCIENNES
Ihosp/ardeh,p,ARCHIVAGE DOSSIER D'HOSPITALISATION
Ihosp/rapdeh,p,RAPPEL DOSSIER D'HOSPITALISATION
Iheb/ardea,p,ARCHIVAGE DOSSIERS HEBERGEMENT
Iheb/rapdea,p,RAPPEL DOSSIERS HEBERGEMENT
Ibe/ardias,p,ARCHIVAGE DOSSIERS MALADES
Ibe/rapdma,p,RAPPEL DOSSIERS MALADES
Ihosp/arcex,p,ARCHIVAGE DOSSIERS CONS. EXTERNES
Ihosp/rapcex,p,RAPPEL DOSSIERS CONS. EXTERNES
Mentree,THEBES         (facturation)
Ihosp,m,DOSSIERS DES MALADES HOSPITALISES
Ipch,m,SUIVI DES PRISES EN CHARGE
Ihofac,m,FACTURATION DES FRAIS D'HOSPITALISATION
Ipopul,m,MOUVEMENTS DE POPULATION
Iheber,m,DOSSIERS DES PENSIONNAIRES HEBERGES
Ihefac,m,FACTURATION DES FRAIS DE SEJOUR HEBERG
Iivg,m,GESTION DES DOSSIERS D'I.V.G.
Iconext,m,CONSULTATIONS EXTERNES
Ihonohl,m,GESTION DES HONORAIRES HOPITAUX LOCAUX
Ifoyerl,m,FOYER LOGEMENT
Iagtm,m,AIDE A LA GERANCE DE TUTELLE
Isiad,m,SOINS INFIRMIERS A DOMICILE
Istat,m,STATISTIQUES D'ACTIVITE
Ibefan,m,TRAVAUX DE FIN D'ANNEE
Ieparam,r,FICHIERS PARAMETRES ENTREES
Meparam,FICHIERS PARAMETRES ENTREES
Iserv,m,MISE A JOUR DES SERVICES MEDICAUX
Imeds,p,SAISIE DES MEDECINS
Imedl,p,EDITION DES MEDECINS
Iambs,p,SAISIE DES AMBULANCIERS
Iambul,p,LISTE DES AMBULANCIERS
Ideb,m,MISE A JOUR DES DEBITEURS
Ietiqlib2,p,ETIQUETTES LIBRES AUTRE FORMAT
Iprog/tabs,p,SAISIE DES TABLES
Iprog/tabe,p,EDITION DES TABLES
Iprog/tabl,p,LISTE DES TABLES
Metiq,EDITION DES ETIQUETTES
Ihebetiq,p,EDITION ETIQUETTES
Iprevetiq,p,ETIQ. PERSONNES A PREVENIR (9*3.5)
Mexdpar,EXTRACTEUR DOS : PARAMETRES
Igenfil2,p,LISTE DES FICHIERS
Icontfic,p,EDITION DESCRIPTIF FICHIERS
Mexp,EXTRACTEUR DOS
Mexport,EXPORTATION DE DONNEES VERS MS-DOS
Iexps,p,SAISIE DES DESCRIPTIFS D'EXPORT
Iexpe,p,EDITION D'UN DESCRIPTIF D'EXPORT
Iexpl,p,LISTE DES DESCRIPTIFS D'EXPORT
Iexpg,p,GENERATION DU SOURCE EN LANGAGE C
Iexpm,p,GENERATION DU PROGRAMME EXECUTABLE
Iexpdos,p,TRANSFERT DES DONNEES VERS MS-DOS
Mfeudep,FEUILLETS BUDGETAIRES DEPENSES
Icocf,m,CORRECTION DES FEUILLETS BUDGETAIRES
Iccd3,p,EDITION COMPLETE DES FEUILL.BUDGETAIRES
Iccd2,p,EDITION PARTIELLE: FEUILLETS MODIFIES
Icldn,p,SUPPRESSION DES FEUILLETS EDITES
Mfeurec,FEUILLETS BUDGETAIRES RECETTES
Icche,p,EDITION FEUILLETS BUDGETAIRES'HOPITAL'
Iclhn,p,SUPPRESSION FEUILLETS EDITES'HOPITAL'
Icontrec,m,CONTROLE DES COMPTES DE RECETTES
Mfoyerl,FOYER LOGEMENT
Idefls,p,SAISIE DES DOSSIERS F.L.
Idafls,p,SAISIE DES PRESTATIONS F.L.
Idtrbfl,p,EDITION DES TITRES DE RECETTES F.L.
Isupfl,p,SUPPRESSION DES PRESTATIONS F.L.
Ilfl,p,LISTE DES PRESENTS EN F.L.
Ianivfl,p,LISTE DES ANNIVERSAIRES EN F.L
Mgeco,ANALYSES DES DEPENSES - ECONOMAT
Ivetl,p,TABLEAU DES DEPENSES PAR U. F.
Mgen,GENERATEUR D'ETATS
Mgendemo,GENERATEUR D'ETAT
Igens,p,SAISIE DES DESCRIPTIFS D'ETAT
I,p,EDITION D'UN DESCRIPTIF D'ETAT
I,p,LISTE DES DESCRIPTIFS D'ETAT
I,p,GENERATION DE L'ETAT
I,p,LANCER UN ETAT
I,p,( TRANSFERT DES DONNEES VERS MS-DOS )
Mgene,MENU GENERAL
Iheber,m,DOSSIER DES PENSIONNAIRES HEBERGES
Iagtm,m,AIDE A LA GESTION DU PATRIMOINE
Mgener,GENERATEUR D'ETAT
Igets,p,SAISIE DES DESCRIPTIFS D'ETAT
Igete,p,EDITION D'UN DESCRIPTIF D'ETAT
Igetl,p,LISTE DES DESCRIPTIFS D'ETAT
Igetg,p,GENERATION DU SOURCE EN LANGAGE C
Igetm,p,GENERATION DU PROGRAMME EXECUTABLE
Mgenpar,GENERATEUR D'ETATS : PARAMETRES
Igenfil2,p,LISTE DES FICHIERS
Icontfic,p,EDITION DESCRIPTIF FICHIERS
Mgesrec,GESTION DES RECETTES
Ictrxs,p,ECRAN DES TITRES DE RECETTES
Icbreb,p,EDITION BORDEREAU TITRES DE RECETTES
Icbreb2,p,EDITION BORDEREAU DE RECETTES (cl. 4)
Itrmgcp,m,TRANSFERTS MAGNETIQUES CAISSE PIVOT
Ititmg,m,TRANSFERTS MAGNETIQUES TITRES RECETTES
Iclrec,p,CLOTURE BORDEREAU RECETTES
Idtcpb,p,VENTILATION DES TITRES DANS LES COMPTES
Icorbe,m,GESTION DES ERREURS DE RECETTES
Mgraph,INTERFACE GRAPH2 ( ECLATEMENT C.H. )
Ieclat,p,ECLATEMENT PAR CENTRE HOSPITALIER
Iprog/tabs,p,SAISIE DES TABLES
Iprog/tabe,p,EDITION DES TABLES
Mgraph2,INTERFACE GRAPH 2
Igenfac,p,GENERATION DES FACTURES
I,,VOIR MENU ecofac ( FACTURES ) et
I,,ecomdt POUR LA SUITE DU MANDATEMENT
Iprog/tabs,p,SAISIE DES TABLES
Iprog/tabe,p,EDITION DES TABLES
Mhebcont,CONTRIBUTIONS DES HEBERGES
Iconhebs,p,SAISIE DU MONTANT DES CONTRIBUTIONS
Iconhebe,p,LISTE DES CONTRIBUTIONS
Mheber,DOSSIERS DES PENSIONNAIRES HEBERGES
Ideas,p,SAISIE DES DOSSIERS D'HEBERGEMENT
Ideaecr,p,EDITION DES DOSSIERS SUR IMPRIMANTE
Idheb,p,EDITION DOSSIER SUR PAPIER PREIMPRIME
Ideaass,p,CONSULTATION DES DOSSIERS HEBERGEMENT
Ibuliheb,p,BULLETIN DE LIAISON
Ifiren,p,FICHE DE RENSEIGNEMENT
Ietiq,m,ETIQUETTES
Ideal,p,LISTE DES HEBERGES PAR No D'ENTREE
Idealil,p,LISTE DES HEBERGES PAR IDENTIFICATION
Idear,p,MODIFICATION DOSSIERS HEBERGEMENT
Iheblist,m,LISTES HEBERGEMENT
Mheblist,LISTES HEBERGEMENT
Ihlfs,p,LISTE FORFAIT SOINS ( - 60 ans )
Ihlfsc,p,LISTE FORFAIT SOINS ( complete )
Ihlfscr,p,LISTE FORFAITS SOINS PAR CODE REGIME
Iasdptl,p,LISTE DES ASSISTES/DEPARTEMENT(+60ANS)
Iasdptml,p,LISTE DES ASSISTES/DEPARTEMENT(-60ANS)
Ihebl,p,LISTE DES PRESENTS PAR SERVICES (heber)
Ihebla,p,LISTE DES PRESENTS PAR SERVICE OR.ALPHA
Iheblc,p,LISTE DES PRESENTS PAR SERVICE / CAISSE
Iheblca,p,LISTE DES PRESENTS PAR SERVICE /COMMUNE
Iheblans,p,LISTE ALPHABETIQUE DES HEBERGES
Ilpcl,p,LISTE NOMINATIVE DES PRESENTS EN CURE
Ientann,p,LISTE NOMINATIVE DES ENTREES DE L'ANNEE
Isorann,p,LISTE NOMINATIVE DES SORTIES DE L'ANNEE
Ireheb,p,REGISTRE DES ENTREES HEBERGEMENT
Ianniv,p,LISTE DES ANNIVERSAIRES
Mhefac,FACTURATION DES FRAIS DE SEJOUR HEB.
Idahs,p,SAISIE DES ACTES HEBERGEMENT
Ipchher,p,SAISIE DES PRISES EN CHARGES
Idpaih,m,PAIEMENTS PARTIELS HEBERGEMENT
Ihebcont,m,CONTRIBUTIONS DES HEBERGES
Idtrba,p,EDITION TITRES DE RECETTES'HEBERGEMENT'
Idtrbab,p,EDITION TITRES DE RECETTES 'PAP' BLANC'
Idaleb,p,EDITION MEMOIRE DES SOMMES DUES
Idaleba,p,EDITION MEMOIRE SOMMES DUES (ORD.ALPHA)
Iavsp,p,AVIS DES SOMMES A PAYER
Ideafl,p,LISTE DES SEJOURS FACTURES
Ideafla,p,LISTE DES SEJOURS FACTURES (ORD. ALPHA)
Igesrec,r,GESTION DES RECETTES
Mhmed,TRAITEMENT DES HONORAIRES MEDICAUX
Ihmeds,p,SAISIE DES HONORAIRES MEDICAUX
Ihmedl,p,EDITION DES HON.MEDICAUX PAR MEDECIN
Irhmedl1,p,EDITION DES RECAP. POUR INVESTISSEMENT
Irhmedl2,p,EDITION DES RECAP. POUR EXPLOITATION
Icredl,p,EDITION DES AVIS DE CREDITS
Iordpl,p,EDITION DES ORDRES DE PAIEMENT
Mhofac,FACTURATION DES FRAIS D'HOSPITALISATION
Idacs,p,SAISIE DES ACTES (EVENEMENTS)
Idacss,p,SAISIE DES ACTES (SIMPLIFIEE)
Idpai,m,PAIEMENTS PARTIELS
Idehr,p,CORRECTION DOSSIERS HOSPITALISATION
Idehfl,p,LISTE DES DOSSIERS FACTURES
Idehnfl,p,LISTE DES DOSSIERS NON FACTURES
Idelsfla,p,LISTE DES DOSSIERS FACTURES LONG SEJOUR
Idtrbh,p,EDITION TITRES RECETTES (HOSPITALISES)
Idtrbls,p,EDITION TITRES RECETTES (LONG SEJOUR)
Idleex,p,EDITION LETTRES D'ENVOI CAISSES HOSP.
Idleea,p,EDITION LETTRES D'ENVOI HOSP. ORD.ALPHA
Idellsb,p,EDITION LETTRES D'ENVOI CAISSES L.SEJ.
Idellsba,p,EDITION LETTRES D'ENVOI L.SEJ. ORD.ALPH
Igesrec,r,GESTION DES RECETTES
Mhonohl,GESTION DES HONORAIRES HOPITAUX LOCAUX
Ihons,p,SAISIE DES HONORAIRES MEDICAUX
Ihonml,p,LISTE DES HONORAIRES PAR MEDECIN
Ihondl,p,LISTE DES HONORAIRES PAR DOSSIER
Ihonsl,p,LISTE DES HONORAIRES PAR SERVICE
Ihonf,p,EDITION DES RELEVES MENSUELS
Ihonfi,p,EDITION DES RELEVES MENSUELS (IMPRIMES)
Ihonrec,p,ETAT RECAPITULATIF MENSUEL PAR MEDECIN
Mhosp,DOSSIER DES MALADES HOSPITALISES
Idehs,p,SAISIE DES DOSSIERS D'HOSPITALISATION
Idehal,p,LISTE ALPHABETIQUE DES DOSSIERS
Isitmal,p,BULLETINS DE SITUATION
Ibuliais,p,BULLETINS DE LIAISON
Idhos,p,EDITION DES DOSSIERS
Idamh,p,DEMANDE AIDE MEDICALE HOSPITALIERE(SP6)
Iimadm,p,INFORMATION MEDICALE D'ADMISSION (SP30)
Iletadm,p,EDITION LETTRE POUR MEDECIN TRAITANT
Idehetiq,p,EDITION DES ETIQUETTES
Ietiqlib,p,EDITION ETIQUETTES LIBRES
Ianhosp,p,LISTE ANNIVERSAIRES DES HOSPITALISES
Isordat,p,LISTE NOMINATIVE DES SORTIES A UNE DATE
Ilsfscr,p,LISTE FORF.SOINS / CODE REGIME L.SEJOUR
Mircan,GESTION DES DECLARATIONS IRCANTEC
Iircg,p,GENERATION DES DECLARATIONS IRCANTEC
Iircs,p,SAISIE DES DECLARATIONS IRCANTEC
Iirce,p,EDITION DES DECLARATIONS IRCANTEC
Iircveg,p,GENERATION DES VERSEMENTS IRCANTEC
Iircves,p,SAISIE DES VERSEMENTS IRCANTEC
Mivg,GESTION DES DOSSIERS D'I.V.G.
Idehivs,p,SAISIE DES DOSSIERS I.V.G.
Idacivs,p,SAISIE DES ACTES (EVENEMENTS) IVG
Idpaiiv,p,SAISIE DES PAIEMENTS
Idtrbiv,p,EDITION DES TITRES DE RECETTE IVG
Idleiv,p,EDITION BORDEREAU DE FACTURATION
Mlistper,LISTES DE PERSONNEL
Igradl,p,LISTE DES EMPLOYES PAR GRADE
Istatut,p,LISTE DES EMPLOYES PAR STATUT
Iposac,p,LISTE DES EMPLOYES PAR POSITION D'ACT.
Ident,p,LISTE DES EMPLOYES PAR DATE D'ENTREE
Idnai,p,LISTE DES EMPLOYES PAR DATE DE NAISS.
Inoml,p,LISTE DES EMPLOYES PAR ORDRE ALPHABET.
Iedep,p,LISTE DES EMPLOYES PARTIS
Iufcpgd,p,LISTE DES EMPLOYES PAR UF
Icrufcp,p,LISTE DES EMPLOYES PAR CR
Ibucruf,p,LISTE DES EMPLOYES PAR BUDGET
Iempadl,p,LISTE DES EMPLOYES ADRESSE/ TEL/ No SS
Mmandmg,TRANSFERT MAGNETIQUE DES MANDATS
Irmins,p,SAISIE DES REFERENCES MANDAT INITIAL
Imandmg,p,GENERATION DES MANDATS MAGNETIQUES
Imdtasc,p,CREATION DU FICHIER DE TRANSFERT
Ishit/mandmgdi,p,COPIE SUR DISQUETTE (serveur)
Ishit/mandmgpc,p,COPIE SUR DISQUETTE (pc sous Windows)
Imandmgbm,m,COPIE SUR BANDE MAGNETIQUE
Ibor_a,p,EDITION BORDEREAU DE TRANSMISSION
Iarmandmg,p,ARCHIVAGE DES MANDATS MAGNETIQUES
Mmandmgbm,TRANSFERT MANDATS SUR BANDE MAGNETIQUE
Ishit/mdtatoe,p,CONVERSION FICHIER
Ishit/mandmgbm,p,TRANSFERT FICHIER SUR BANDE
Mmandpv2,MANDATEMENT PAIE VERSION 2
I,i,( papier blanc 132 colonnes)
Imandcp,p,EDIT. ETAT CONSTITUTIF DES MANDATS
I,i,( imprimes speciaux )
Ieco/bordev2,p,EDITION DES BORDEREAUX DE MANDATS
Imandp,p,EDITION DES MANDATS DE PAIE
Ibavc,p,EDITION DES BORDEREAUX DE REGLEMENTS
Iavce,p,EDITION DES ORDRES DE VIREMENTS
Mmandpv3,MANDATEMENT PAIE VERSION 3
I,i,( papier blanc 132 colonnes )
Iprpgu,p,CALCUL RECAP. PAIE(/Budget/Uf/Groupe)
Iprceu,p,CALCUL ET VENTILATION CHARGES
Igenfacp,p,GENERATION LIGNES DE FACTURES PAIE
Ieco/mandc,p,ETAT CONSTITUTIF DES MANDATS
I,i,( imprimes speciaux )
Ieco/borde,p,EDITION DES BORDEREAUX DE MANDATS
Ieco/mande,p,EDITION DES MANDATS
Ibavc,p,EDITION BORDEREAUX DE REGLEMENTS
Iavce,p,EDITION DES ORDRES DE VIREMENTS
Mmarche,SUIVI DES MARCHES
Imarches,p,SAISIE DES MARCHES
Imarchep,p,EDITION DES MARCHES
Mmouve,MOUVEMENTS DE POPULATION SIAD
Isidfps,p,SAISIE DES FEUILLES DE POPULATION
Isidmin,p,LISTE DES MOUVEMENTS NON IMPUTES
Isimlist,p,LISTE DES MOUVEMENTS PAR DOSSIER SIAD
Isidmic,p,CONTROLE DES DOSSIERS SIAD
Isidrme,p,EDITION RECAP. DES MOUVEMENTS 
Isianniv,p,EDITION DES ANNIVERSAIRES
Isipec,p,LISTE NOMINATIVE PRISES EN CHARGE/CAIS.
Isirmtns,p,REGISTRE MEDICAL TNS
Mouvtabl,OUVERTURE ANNUELLE DES TABLES
Itabrer,p,OUVERTURE ANNUELLE DE LA TABLE 'RE'
Itabtir,p,OUVERTURE ANNUELLE DE LA TABLE 'TIR'
Mpaie,PAIE DU PERSONNEL
Ipe/emps,p,SAISIE DES EMPLOYES
Ipe/prepa,p,LISTE PREPARATOIRE DE PAIE
Igpap,p,GENERATION DES BULLETINS DE SALAIRE
Ipas,p,SAISIE COMPLETE DES PAIES
Ipars,p,SAISIE SIMPLIFIEE DES PAIES
Ipe/pams,p,SAISIE DU MESSAGE EN PIED DE BULLETIN
Izpa,p,EDITION DES SAISIES DE PAIE
Ippre_ecr,p,AFFICHAGE DES BULLETINS SUR ECRAN
Ippre89,p,EDITION DES BULLETINS SUR IMPRIME
Ippretout,p,EDITION DES BULLETINS SUR PAPIER BLANC
Ipaiem,m,ETATS MENSUELS DE PAIE
Ipaiedv,m,CONSULTATIONS ET LISTES DIVERSES
Ipaiecl,m,CLOTURE MENSUELLE DE LA PAIE
Itmensl,p,ETAT MENSUEL DES TAXES SUR SALAIRES
Mpaiean,TRAVAUX DE FIN D'ANNEE
Ishel/ptan_t,p,TRI ANNUEL DES PAIES PAR EMPLOYE
Ipaieaned,m,EDITIONS ANNUELLES
Itds,m,TRANSFERT DES DONNEES SOCIALES
Iemparch,m,ARCHIVAGE DES EMPLOYES
Mpaieaned,EDITIONS ANNUELLES
Ipaie/edae,p,D.A.S.
Idasetiq,p,ETIQUETTES DES ADRESSES DES EMPLOYES
Ipaie/eche,p,ETAT DES 1200 HEURES
Ipaie/eact,p,ETAT ACCIDENT DU TRAVAIL
Ipaie/ecnr,p,ETAT CNRACL
Ipaie/eire,p,ETAT IRCANTEC
Ipaie/agfrc,p,ETAT ANNUEL RETRAITE COMPLEMENTAIRE
Imgfa,p,ETAT DES COTISATIONS MGFA
Ipaie/prpgm,p,RECAPITULATIF DES PAIES 12 MOIS / EMPL.
Ipaie/pjsan,p,JOURNAL ANNUEL DES SALAIRES PAR EMPLOYE
Ipaie/taxe23,p,EDITION TAXE SUR SALAIRE TRANCHE 2 ET 3
Ipaie/etpl,p,EQUIVALENT TEMPS PLEIN
Mpaiecl,CLOTURE MENSUELLE DE LA PAIE
Ieco/mandv,p,VENTILATION DES MANDATS
Ieco/cpst,p,CLOTURE DES FACTURES MANDATEES
Ipacl,p,CLOTURE DU MOIS DE PAIE
Mpaiedv,PAIE - CONSULTATIONS ET LISTES DIVERSES
Iliste,p,LISTE DES MONTANTS D'UNE RUBRIQUE
Ilistarch,p,LISTE MONTANTS RUBRIQUE PAIE CLOTUREE
Ilistegp,p,LISTE MONTANTS D'UNE RUBRIQUE PAR GROUP
Iprcgosl,p,LISTE DES MONTANTS DES PRESTATIONS CGOS
Ipacls,p,CONSULTATION PAIE CLOTUREE
Idemrh2,p,DEMANDE DE REMBOURSEMENT H2 (F.E.H.)
Mpaiefp,FICHIERS PARAMETRES PAIE
Icps,p,SAISIE DES CONSTANTES DE PAIE
Icpedit,p,EDITION DES CONSTANTES DE PAIE
Irubss,p,SAISIE LIMITEE DES RUBRIQUES DE PAIE
Irube,p,EDITION DETAILLEE RUBRIQUES DE PAIE
Irubt,p,GENERATION DES RUBRIQUES DE PAIE
Iparap/rubtr,p,GENERATION DES RUBRIQUES POUR RAPPELS
Irubl,p,LISTE DES RUBRIQUES DE PAIE
Iprog/tabs,p,SAISIE DES TABLES
Iprog/tabe,p,EDITION DES TABLES
Iprog/tabl,p,LISTE DES TABLES
Mpaiem,PAIE (ETATS MENSUELS)
I,i,( papier blanc 132 colonnes )
Ipabrtb,p,LISTE DES TRAITEMENTS DE BASE ET BRUT
Imnhgl,p,LISTE DES COTISATIONS M.N.H. (/groupe)
Ipjse89,p,EDITION JOURNAL DES SALAIRES (/groupe)
Iprpgc,p,CALCUL RECAPITULATIF DE PAIE
Iprje,p,EDITION RECAPITULATIF PAIE (/groupe)
Iprjeb,p,EDITION RECAPITULATIF PAIE (/budget)
Iprcec,p,CALCUL ET VENTILATION DES CHARGES
Ipcbe,p,EDITION ETAT DES COTISATIONS
Imandpv3,m,MANDATEMENT DE LA PAIE
Imandmg,r,TRANSFERTS MAGNETIQUES MANDATS
Itrmgpa,m,TRANSFERTS MAGNETIQUES PAIE
Icsg,m,DECLARATIONS MENSUELLES CSG
Mpaise,PRIME DE SERVICE
Inotl,p,LISTE PREPARATOIRE NOTATION
Iconstfic,p,CONSTITUTION FICHES PRIMES DE SERVICES
Iepss,p,SAISIE FICHES PRIMES DE SERVICES
Ipointl,p,LISTE FICHES PRIME (NBRE POINTS)
Irepriab,p,REPARTITION PRIME ET ABATTEMENT
Ibonil,p,REPARTITION FINALE PRIME DE SERVICE
Iedprl,p,EDITION DE LA FICHE 'PRIME DE SERVICE'
Igeneps,p,GENERATION PRIME DE SERVICE --> PAIE
Ificeval,p,CONSTITUTION FICHES D'EVALUATION
Ificnot,p,CONSTITUTION FICHES DE NOTATION
Mparam,PARAMETRES      (tables,etc...)
Ipaiefp,m,FICHIERS PARAMETRES PAIE
Ieparam,m,FICHIERS PARAMETRES ENTREES
Iecopar,m,FICHIERS PARAMETRES ECONOMAT
Icopar,m,FICHIERS PARAMETRES FINANCES
Mpch,SUIVI DES PRISES EN CHARGE
Idpce,p,EDITION DES PRISES EN CHARGE
Ipchl,p,LISTE DES PRISES EN CHARGE PAR DOSSIER
Idpcp,p,EDITION DES PROLONGATIONS
Ipchr2,p,SAISIES DES RETOURS DE PRISES EN CHARGE
Idprs,p,EDITION DES LETTRES DE RELANCE
Mperime,GESTION DES PERIMES
Iperempl,p,LISTE DES PRODUITS PERIMES EN STOCK
Iperimsl,p,LISTE DES PRODUITS PERIMES SORTIS
Iechpes,p,SAISIE DES ECHANGES PRODUITS PERIMES
Iechpval,p,VALIDATION ECHANGES (GEN. MOUVEMENTS)
Iechpvl,p,LISTE DES ECHANGES VALIDES
Iechpnvl,p,LISTE DES ECHANGES NON VALIDES
Iechpfl,p,LISTE DES ECHANGES PAR FOURNISSEUR
Iechpal,p,LISTE DES ECHANGES PAR ARTICLES PERIMES
Mpers,CARTHAGE        (personnel)
Iempl,m,FICHIER DES EMPLOYES
Icarriere,m,GESTION DES CARRIERES
Ipaie,m,PAIE DU PERSONNEL
Irappel,m,RAPPELS DE SALAIRE
Ipaise,m,NOTATION ET PRIME DE SERVICE
Ipaiean,m,TRAVAUX DE FIN D'ANNEE
Iabs,m,CONGES ET ABSENCES
Ieffect,m,GESTION DES EFFECTIFS
Ilistper,m,LISTES DE PERSONNEL
Ipaiefp,r,FICHIERS PARAMETRES PAIE
Mperson,GESTION DU PERSONNEL
Isidhps,p,SAISIE DES HEURES DES A.S
Isidhpl,p,LISTE DES HEURES DES A.S
Isidrkl,p,RELEVE KILOMETRIQUE DES A.S
Isidfie,p,FICHE INDIVIDUELLE DES A.S
Isidfde,p,ETAT FRAIS DE DEPLACEMENT
Mpopul,MOUVEMENTS DE POPULATION
Idfps,p,SAISIE DES FEUILLES DE POPULATION
Idfpl,p,ETAT MOUVEMENTS JOURNALIERS POPULATION
Idmin,p,LISTE DES MOUVEMENTS NON IMPUTES
Idmlis,p,IMPUTATION MANUELLE DES MOUVEMENTS
Idmic,p,CONTROLE DOSSIERS HOSPITALISATION
Idmhc,p,CONTROLE DOSSIERS HEBERGEMENT
Ipresent,m,LISTES DES PRESENTS
Idrme,p,RECAPITULATION MENSUELLE DES MOUVEMENTS
Idrms,p,SAISIE/MODIFICATION RECAP.MENSUELLE
Idfpsliste,p,LISTE DES MOUVEMENTS PAR DOSSIER
Iregent,p,REGISTRE DES ENTREES DU .....
Iregents,p,REGISTRE DES ENTREES PAR SERVICE
Idcldc,p,DECLARATION DE DECES
Mpresent,LISTES DES PRESENTS
Idpre,p,LISTE DES PRESENTS PAR SERVICE (Hosp)
Idprea,p,LISTE DES PRESENTS /SERVICE/ALPHA Hosp
Iheb/hebl,p,LISTE DES PRESENTS PAR SERVICE (Heber)
Iheb/hebla,p,LISTE DES PRESENTS /SERVICE/ALPHA Heber
Iheb/heblc,p,LISTE DES PRESENTS /SERV /CAISSE Heber
Mprog,OUTILS DE PROGRAMMATION
Imens,p,Saisie des Menus
Imene,p,Edition des Descriptifs de Menus
Imenecran,p,Edition des Ecrans de Menus
Imenl,p,Edition de la Liste des Menus
Ifies,p,Saisie des Descriptifs de Fichiers
Icalculp,p,Calcul des Positions d'Enregistrements
Iprfich,p,Edition des Descriptifs de Fichiers
Ifiel,p,Liste des Descriptifs de Fichiers
Ieces,p,Saisie des Descriptifs d'Ecrans
Iediece,p,Edition des Descriptifs d'Ecrans
Iecrgen,p,Generation des Descriptifs d'Ecrans
Idesecran,p,Edition des Ecrans sur imprimante
Iecel,p,Liste des Descriptifs d'Ecrans
Itabs,p,SAISIE DES TABLES
Itabe,p,EDITION DES TABLES
Mprog2,OUTILS DE PROGRAMMATION - DESCRIPTION
Idupdfic,p,Duplication de descriptif de fiches
Itrdfic,p,Transfert de Descriptif de fiches
Idupdece,p,Duplication de Descriptif d'Ecrans
Itrdece,p,Transfert de Descriptif d'Ecrans
Idupmenu,p,Duplication de Descriptif de Menu
Itrmenu,p,Transfert de Descriptif de Menu
Iduptable,p,Duplication de Table
Itrtable,p,Transfert de Table
Mrappel,RAPPELS DE SALAIRES
Ishel/raz_emr,p,REMISE A ZERO DES FICHIERS RAPPELS
Iemrprct,p,GENERATION RAPPELS SUR VALEUR DU POINT
I,p,RECALCUL TABLE INDICES 88-1067 :gindp
I,p,GENERATION RAPPELS IND. BRUT/NM:emrp2
Iemrs,p,SAISIE DES RAPPELS - non medical -
Iemrl,p,LISTE DES RAPPELS DE PAIE - non med.
Ishel/par_t,p,TRI DES PAIES ANTERIEURES POUR CALCUL
Iprap,p,CALCUL ET EDITION DES RAPPELS-non med-
Iemml,p,LISTE DES RAPPELS CALCULES - non med -
Iemri,p,INSERTION DES RAPPELS DANS LA PAIE
Mrecett,COMPTABILITE RECETTES
Isuirec,m,SUIVI BUDGETAIRE DES RECETTES
Igesrec,m,GESTION DES RECETTES
Ifeurec,m,FEUILLETS BUDGETAIRES RECETTES
Ititman,m,TITRES DIVERS
Mserv,FICHIERS DES SERVICES
Idses,p,SAISIE DES SERVICES MEDICAUX
Idsel,p,LISTE DES SERVICES MEDICAUX
Idsel2,p,EDITION DES SERVICES MEDICAUX
Ipjsers,p,SAISIE DES PRIX DE JOURNEE PAR SERVICE
Ipjserl,p,LISTE DES PRIX DE JOURNEE PAR SERVICE
Msiad,SOINS INFIRMIERS A DOMICILE
Idossier,m,GESTION DU DOSSIER DU MALADE
Imouve,m,MOUVEMENTS DE POPULATION
Isiapre,m,LISTE DES PRESENTS
Isiadmi,m,LISTE DES ADMISSIONS
Istasid,m,STATISTIQUES DES ADMISSIONS
Iactes,m,GESTION DES ACTES
Iperson,m,GESTION DU PERSONNEL
Msiadmi,LISTES DES ADMISSIONS
Isiadmm,p,LISTE DES ADMISSIONS PAR MEDECIN
Isiadmi,p,LISTE DES ADMISSIONS PAR IDE
Isiadmk,p,LISTE DES ADMISSIONS PAR KINE
Isiadmca,p,LISTE DES ADMISSIONS PAR CANTON
Msiapre,LISTES DES PRESENTS AU S.I.A.D.
Isipre,p,LISTE DES PRESENTS PAR NUMERO D'ENTREE
Isiprea,p,LISTE DES PRESENTS PAR ORDRE ALPHA.
Isiprem,p,LISTE DES PRESENTS PAR MEDECIN
Isiprei,p,LISTE DES PRESENTS PAR IDE
Isiprek,p,LISTE DES PRESENTS PAR KINE
Isipreca,p,LISTE DES PRESENTS PAR CANTON
Mspal,PALMARES DES CONSOMMATIONS
Ipalcons,p,PALMARES DES CONSOMMATIONS
Issmsal,p,BILAN DES CONSOMMATIONS
Issmsl,p,BILAN DES CONSOMMATIONS PAR SERVICE
Mstasid,STATISTIQUES DES ADMISSIONS
Isiaage,p,TABLEAU DES ADMISSIONS/AGE
Isialint,p,TABLEAU DES ADMISSIONS/LIEU INTERVEN.
Isiasent,p,TABLEAU DES ADMISSIONS/SIT. ENTREE
Isiapro,p,TABLEAU DES ADMIS. DIRECTES SERV. SOINS
Isiapro2,p,TABLEAU DES ADMISSIONS/PROVENANCE
Isisdev,p,TABLEAU DES ADMISSIONS/DEVENIR SORTIE
Isiafme,p,TABLEAU DES AFFECTIONS MEDICALES.
Isidupec,p,TABLEAU DES PRISES EN CHARGES/DUREE
Mstat,STATISTIQUES D'ACTIVITE
Izattr,p,ZONE D'ATTRACTION HOSPITALISATION
Izatheb,p,ZONE D'ATTRACTION HEBERGEMENT
Istatac,m,STATISTIQUES DES ACTES
Istametr,p,STATISTIQUES MEDECINS TRAITANTS
Istasmetr,p,STATISTIQUES MEDECINS TRAITANTS/SERVICE
Istatjr,p,STATISTIQUES DES JOURNEES PAR SERVICE
Istdusej,p,STATISTIQUES DES DUREES DE SEJOURS
Ihosp/dehage,p,TABLEAU DES HOSPITALISES PAR AGE
Iheb/deaage,p,TABLEAU DES HEBERGES PAR AGE
Mstatac,STATISTIQUES DES ACTES
Iactuf,p,ACTES PAR UF (productrice)   - oblig -
Iactca,p,ACTES PAR CA (producteur)
Iactre,p,ACTES PAR CR (producteur)
Idemuf,p,ACTES PAR UF (consommatrice) - oblig -
Idemca,p,ACTES PAR CA (consommateur)
Idemre,p,ACTES PAR CR (consommateur)
Iactufor,p,ORIGINE DES ACTES PAR UF     - oblig -
Iactcaor,p,ORIGINE DES ACTES PAR CA
Iactreor,p,ORIGINE DES ACTES PAR CR
Iactufde,p,DEMANDES D'ACTES PAR UF
Iactcade,p,DEMANDES D'ACTES PAR CA
Iactrede,p,DEMANDES D'ACTES PAR CR
Mstoexo,VARIATIONS STOCK & ECRITURES D'ORDRES
Ivarstoc,p,CALCUL DES VARIATIONS DE STOCK
Ivstocs,p,SAISIE DES VARIATIONS DE STOCK
Impl,p,LISTE DES MANDATS D'ORDRE
Imrl,p,LISTE DES MANDATS REDUCTEURS D'ORDRE
Itrl,p,LISTE DES TITRES DE RECETTES D'ORDRE
Imandco,p,CONSTITUTION DES MANDATS D'ORDRE
Iborde,p,EDITION DU BORDEREAU DES MANDATS
Imandeo,p,EDITION DES MANDATS D'ORDRE
Imandv,p,VENTILATION DES MANDATS DANS LES CPTES
Itreo,p,EDITION DES TITRES DE RECETTES D'ORDRE
Msuibu,SUIVI PREVISIONNEL DES DEPENSES
Isubu/subu,p,SAISIE COEFF.PREV.BUDGET. DEPENSES
Isudl,p,LISTE DES COEFF.PREV.BUDGET. DEPENSES
Icrs,p,SAISIE DOTATION BUDGETAIRE PAR C.R.
Msuibur,SUIVI PREVISIONNEL DES RECETTES
Isubur,p,SAISIE COEFF.PREV.BUDGET. RECETTES
Isurl,p,LISTE DES COEFF.PREV.BUDGET RECETTES
Msuidep,SUIVI BUDGETAIRE DES DEPENSES
Ijer/cchs,p,SAISIE DES COMPTES
Iccdl,p,ETAT DES DEPENSES PAR COMPTE & PAR MOIS
Icpte,p,ETAT DES COMPTES DE DEPENSES
Icptepr,p,ETAT SUIVI PREVISIONNEL DES DEPENSES
Msuirec,SUIVI BUDGETAIRE DES RECETTES
Ijer/cchs,p,SAISIE DES COMPTES
Iccdlr,p,ETAT DES RECETTES PAR COMPTE & PAR MOIS
Icptrec,p,ETAT DES COMPTES DE RECETTES
Icpteprr,p,ETAT SUIVI PREVISIONNEL DES RECETTES
Mtds,TRANSFERT DES DONNEES SOCIALES
Iircan,m,GESTION DES DECLARARTIONS IRCANTEC
Itdats,p,SAISIE DES TARIFICATIONS A.T.
Itds,p,GENERATION DES ENREGISTREMENTS TDS
Itdsfmt,p,FORMATAGE DES ENR. TDS EN BLOCKS DE 128
Ishel/tdsdisq,p,COPIE SUR DISQUETTE DU FICHIER DADS
Mtitman,TITRES DIVERS
Idts,p,SAISIE DES TITRES DIVERS
Idtrbd,p,EDITION DES TITRES DIVERS/PAPIER BLANC
Idtrbdi,p,EDITION DES TITRES DIVERS SUR IMPRIME
Idtal,p,LISTE DES FICHES TITRES DIVERS
Idtalf,p,LISTE DES FICHES FACTUREES
Igesrec,r,GESTION DES RECETTES
Ibe/debs,p,SAISIE DES DEBITEURS
Mtitmg,TRANSFERT MAGNETIQUE DES TITRES RECETTE
Ititmg,p,GENERATION DES TITRES MAGNETIQUES
Ititasc,p,CREATION DU FICHIER DE TRANSFERT
Ishit/titmgdi,p,COPIE SUR DISQUETTE (serveur Cheops)
Ititmgbm,m,COPIE SUR BANDE MAGNETIQUE
Ishit/titmgpc,p,COPIE SUR DISQUETTE (pc sous Windows)
Ibor_a,p,EDITION BORDEREAU DE TRANSMISSION
Iartitmg,p,ARCHIVAGE DES TITRES MAGNETIQUES
Mtitmgbm,TRANSFERT TITRES SUR BANDES MAGNETIQUES
Ishit/titatoe,p,CONVERSION FICHIER
Ishit/titmgbm,p,TRANSFERT FICHIER SUR BANDE
Mtrbud,TRANSFERT MAGNETIQUE DES BUDGETS
Ibudmg,p,GENERATION DU FICHIER DE TRANSFERT
Ishit/budmgdi,p,COPIE SUR DISQUETTE DU FICHIER
Ibor_a,p,EDITION BORDEREAU DE TRANSMISSION
Mtrcba,TRANSFERT CAISSE SUR BANDES MAGNETIQUES
Itrcsa,m,TRANSFERT SEJOURS/ADMISSIONS
Itrcpec,m,TRANSFERT PRISES EN CHARGES
Mtrcpec,TRANSFERT CAISSE PRISES EN CHARGES
Ishce/atoepec,p,CONVERSION DU FICHIER(Avant transfert)
Ishce/trspec,p,TRANSFERT DU FICHIER SUR BANDE
Mtrcsa,TRANSFERT CAISSE SEJOURS/ADMISSIONS
Ishce/atoebcd,p,CONVERSION FICHIER(Avant transfert)
Ishce/trspivot,p,TRANSFERT FICHIER SUR BANDE
Mtrcsup,TRANSFERT SUPPORTS MAGNE. CAISSE PIVOT
Itrcba,m,TRANSFERT SUR BANDE
Ishce/trcdi,p,TRANSFERT SUR DISQUETTE
Ishce/trcmo,p,TRANSFERT PAR MODEM
Ishit/utildi,p,UTILITAIRES DISQUETTE
Mtrmgba,TRANSFERT SUR BANDES MAGNETIQUES
Itrmgbep,m,TRANSFERT ECONOMAT/PERSONNEL
Itrmgbpa,m,TRANSFERT PAIE
Mtrmgbep,TRANSFERT BANDE MAG. ECONOMAT/PERSONNEL
Ishit/atoemdt,p,CONVERSION FICHIER
Ishit/trspermd,p,TRANSFERT FICHIER SUR BANDE
Mtrmgbpa,TRANSFERT MAG. BANDE PAIE
Ishit/atoepa,p,CONVERSION FICHIER PAIE
Ishit/trspa,p,TRANSFERT FICHIER PAIE SUR BANDE
Mtrmgbud,TRANSFERT MAGNETIQUE BUDGET
Ibudmg,p,Creation Fichier BUDGET
Ishel/atoebud,p,Conversion Fichier ASCII/EBCDIC
Ishel/trsbud,p,Transfert Fichier sur Bande Magnetique
Ishel/archbud,p,Archivage Fichier BUDGET
Iletbud,p,Lettre d'envoi
Mtrmgeco,TRANSFERTS MAGNETIQUES MANDATS
Iverifeco,m,VERIFICATIONS AVANT TRANSFERT
Ijmb1,p,VERIFICATION DES MANDATS
Igenmdt,p,GENERATION MANDATS POUR CPT. TIERS
Ijmb11,p,VERIFICATION COMPTES DE TIERS
Itotier,p,EDITION PAR BUDGET ET COMPTE DE TIERS
Irmis,p,REFERENCES MANDAT INITIAL
I,i,=====Support magnetique=====
Imdtmgp,p,MANDATS POSITIFS
Itrmgsup,r,TRANSFERT SUR SUPPORTS MAGNETIQUES
Iletacsup,p,LETTRE D'ENVOI
Ishit/archbdmt,p,ARCHIVAGE
Mtrmgp,TRANSFERTS MAGNETIQUES TITRES
Ivermgp,m,VERIFICATION AVANT TRANSFERT
Ititrecap,p,ENREGISTREMENTS RECAPITULATIFS
Ititmgp,p,TITRES DE RECETTES P (Creation fichier)
Ititdvp,p,TITRES DIVERS        (       "        )
Itrtsup,m,TRANSFERT SUR SUPPORTS MAGNETIQUES
Iletacsup,p,LETTRE D'ENVOI
Ishit/archbdti,p,ARCHIVAGE
Mtrmgpa,TRANSFERTS MAGNETIQUES PAIE
Iverifpa,p,VERIFICATION PAIE
Imajpaemp,p,CALCUL TOTAL NET PAR EMPLOYE
Ipamg,p,CREATION DU FICHIER INTERFACE PAIE
Itrmgsup,r,TRANSFERT SUR SUPPORT
Iletacsup,p,LETTRE D'ACCOMPAGNEMENT
Ishit/archpa,p,ARCHIVAGE
Mtrmgpec,TRANFERT MAGNETIQUE DES PEC
I,i,===== Creation du fichier =====
Ipchannul,p,ANNULATION DE PRISES EN CHARGE
Ipchmodif,p,MODIFICATION DE PRISES EN CHARGE
Ibdgpch,p,CREATION DE PRISES EN CHARGE
Ishce/catpec,p,CONCATENATION AVEC LES INFOS DE SEJOUR
Itrmgco,r,CONSULTATION FICHIERS
I,i,===== Transfert du fichier =====
Itrcsup,r,TRANSFERT SUR SUPPORTS MAGNETIQUES
Iletcp,p,LETTRE D'ENVOI
Ilistepec,p,LISTES DES PEC ENVOYEES
Ishce/deltab1,p,R.A.Z. DES TABLES ( pecA, pecM )
Ishce/archpec,p,ARCHIVAGE DU FICHIER
Mtrmgsup,TRANSFERT MANDATS SUPPORTS MAGNETIQUES
Itrmgba,m,TRANSFERT SUR BANDE
Ishit/trmgdi,p,TRANSFERT SUR DISQUETTE
Ishit/utildi,p,UTILITAIRES DISQUETTE
Mtrtba,TRANSFERT TITRES SUR BANDES MAGNETIQUES
Ishit/atoetit,p,CONVERSION FICHIER
Ishit/trsperti,p,TRANSFERT FICHIER SUR BANDE
Mtrtsup,TRANSFERT TITRES SUR SUPPORTS MAGNET.
Itrtba,m,TRANSFERT SUR BANDE
Ishit/trtdi,p,TRANSFERT SUR DISQUETTE
Ishit/utildi,p,UTILITAIRES DISQUETTE
Mverifeco,VERIFICATIONS MANDATS MAGNETIQUES
Ishit/genbdmsh,p,GENERATION BORDEREAU DE MANDATS
Ibdrms,p,ECRAN BORDEREAU DE MANDATS
Igenmdt,p,GENERATION MANDATS
Imdts,p,ECRAN MANDATS
Mvermgp,VERIF. TITRES MAGNETIQUES
Ishit/gentihsh,p,GENERATION TITRES DE RECETTES
Itits,p,ECRAN TITRES DE RECETTES
Ishit/gentiash,p,GENERATION TITRES DIVERS
Ititdvs,p,ECRAN TITRES DIVERS
Icpt4v,p,VERIFICATION COMPTES CLASSE 4
Ijmb2,p,LISTE DES TITRES EN COURS
Ishit/totcpsh,p,TOTAUX PAR COMPTES BUDGETAIRES
Ijmb3,p,TOTAUX PAR BUDGET
